{"sessionId":"5bf165","hypothesisId":"H-A","location":"CorrelationIdFilter.java:44","message":"then() callback fired","data":{"committed":true,"requestId":"fe4c705b-0da9-42ef-a686-ca23afb2b655"},"timestamp":1780773288769}
{"sessionId":"5bf165","hypothesisId":"H-A","location":"CorrelationIdFilter.java:53","message":"headers.set threw: UnsupportedOperationException","data":{"exception":"null"},"timestamp":1780773288774}
{"sessionId":"5bf165","hypothesisId":"H-A","location":"CorrelationIdFilter.java:44","message":"then() callback fired","data":{"committed":true,"requestId":"4ddf4344-d526-4e11-b56e-18a7a287c6fb"},"timestamp":1780773671574}
{"sessionId":"5bf165","hypothesisId":"H-A","location":"CorrelationIdFilter.java:53","message":"headers.set threw: UnsupportedOperationException","data":{"exception":"null"},"timestamp":1780773671574}
{"sessionId":"5bf165","hypothesisId":"H-A","location":"CorrelationIdFilter.java:44","message":"then() callback fired","data":{"committed":true,"requestId":"8ee31d94-571e-4a41-ac64-3701c277754c"},"timestamp":1780773690755}
{"sessionId":"5bf165","hypothesisId":"H-A","location":"CorrelationIdFilter.java:53","message":"headers.set threw: UnsupportedOperationException","data":{"exception":"null"},"timestamp":1780773690756}
{"sessionId":"5bf165","hypothesisId":"H-A","location":"CorrelationIdFilter.java:44","message":"then() callback fired","data":{"committed":true,"requestId":"e0f11e62-4ce5-40b9-834f-74e39a9d7440"},"timestamp":1780773706278}
{"sessionId":"5bf165","hypothesisId":"H-A","location":"CorrelationIdFilter.java:53","message":"headers.set threw: UnsupportedOperationException","data":{"exception":"null"},"timestamp":1780773706278}
{"sessionId":"5bf165","hypothesisId":"H-A","location":"CorrelationIdFilter.java:44","message":"then() callback fired","data":{"committed":true,"requestId":"6407580c-8964-4d6b-ba4e-dd223babf503"},"timestamp":1780773757090}
{"sessionId":"5bf165","hypothesisId":"H-A","location":"CorrelationIdFilter.java:53","message":"headers.set threw: UnsupportedOperationException","data":{"exception":"null"},"timestamp":1780773757090}
{"sessionId":"5bf165","hypothesisId":"H-A","location":"CorrelationIdFilter.java:44","message":"then() callback fired","data":{"committed":true,"requestId":"5e3dc18b-d9b7-4d8a-b00a-0103a78c0e89"},"timestamp":1780773918793}
{"sessionId":"5bf165","hypothesisId":"H-A","location":"CorrelationIdFilter.java:53","message":"headers.set threw: UnsupportedOperationException","data":{"exception":"null"},"timestamp":1780773918794}
{"sessionId":"5bf165","hypothesisId":"H-A","location":"CorrelationIdFilter.java:44","message":"then() callback fired","data":{"committed":true,"requestId":"7567502b-8cea-4c58-9f98-75a44708b9b1"},"timestamp":1780773926549}
{"sessionId":"5bf165","hypothesisId":"H-A","location":"CorrelationIdFilter.java:53","message":"headers.set threw: UnsupportedOperationException","data":{"exception":"null"},"timestamp":1780773926550}
{"sessionId":"5bf165","hypothesisId":"H-A","location":"CorrelationIdFilter.java:44","message":"then() callback fired","data":{"committed":true,"requestId":"42d81e59-0419-4867-b014-deec0b9f5951"},"timestamp":1780773926561}
{"sessionId":"5bf165","hypothesisId":"H-A","location":"CorrelationIdFilter.java:53","message":"headers.set threw: UnsupportedOperationException","data":{"exception":"null"},"timestamp":1780773926561}
{"sessionId":"5bf165","hypothesisId":"H-A","location":"CorrelationIdFilter.java:44","message":"then() callback fired","data":{"committed":true,"requestId":"d04abe27-1b75-4d73-983a-3c17b39e17dd"},"timestamp":1780773976235}
{"sessionId":"5bf165","hypothesisId":"H-A","location":"CorrelationIdFilter.java:53","message":"headers.set threw: UnsupportedOperationException","data":{"exception":"null"},"timestamp":1780773976235}
{"sessionId":"5bf165","hypothesisId":"H-A","location":"CorrelationIdFilter.java:44","message":"then() callback fired","data":{"committed":true,"requestId":"ae9ea86e-09ff-4b36-95f9-86764414ecf4"},"timestamp":1780773976239}
{"sessionId":"5bf165","hypothesisId":"H-A","location":"CorrelationIdFilter.java:53","message":"headers.set threw: UnsupportedOperationException","data":{"exception":"null"},"timestamp":1780773976240}
{"sessionId":"5bf165","hypothesisId":"H-A","location":"CorrelationIdFilter.java:44","message":"then() callback fired","data":{"committed":true,"requestId":"7d3e166f-5194-4be3-ae10-8671272cad5b"},"timestamp":1780774012517}
{"sessionId":"5bf165","hypothesisId":"H-A","location":"CorrelationIdFilter.java:53","message":"headers.set threw: UnsupportedOperationException","data":{"exception":"null"},"timestamp":1780774012517}
{"sessionId":"5bf165","hypothesisId":"H-A","location":"CorrelationIdFilter.java:44","message":"then() callback fired","data":{"committed":true,"requestId":"caa7dda0-3172-416b-9222-43380be8908d"},"timestamp":1780774012523}
{"sessionId":"5bf165","hypothesisId":"H-A","location":"CorrelationIdFilter.java:53","message":"headers.set threw: UnsupportedOperationException","data":{"exception":"null"},"timestamp":1780774012523}
{"sessionId":"5bf165","hypothesisId":"H-A","location":"CorrelationIdFilter.java:44","message":"then() callback fired","data":{"committed":true,"requestId":"c75dae1a-b68c-4838-952f-2bee5d83bf74"},"timestamp":1780774017620}
{"sessionId":"5bf165","hypothesisId":"H-A","location":"CorrelationIdFilter.java:53","message":"headers.set threw: UnsupportedOperationException","data":{"exception":"null"},"timestamp":1780774017620}
{"sessionId":"5bf165","hypothesisId":"H-A","location":"CorrelationIdFilter.java:44","message":"then() callback fired","data":{"committed":true,"requestId":"0ba33d22-8a9c-4b50-8bfe-4bf64d7e3ea9"},"timestamp":1780774017626}
{"sessionId":"5bf165","hypothesisId":"H-A","location":"CorrelationIdFilter.java:53","message":"headers.set threw: UnsupportedOperationException","data":{"exception":"null"},"timestamp":1780774017626}
{"sessionId":"5bf165","hypothesisId":"H-A","location":"CorrelationIdFilter.java:44","message":"then() callback fired","data":{"committed":true,"requestId":"da63e983-934f-432e-860c-1c63022a24d6"},"timestamp":1780774018810}
{"sessionId":"5bf165","hypothesisId":"H-A","location":"CorrelationIdFilter.java:53","message":"headers.set threw: UnsupportedOperationException","data":{"exception":"null"},"timestamp":1780774018810}
{"sessionId":"5bf165","hypothesisId":"H-A","location":"CorrelationIdFilter.java:44","message":"then() callback fired","data":{"committed":true,"requestId":"b3bbfacd-f0bf-47d4-9e80-f3772d59b1f3"},"timestamp":1780774018816}
{"sessionId":"5bf165","hypothesisId":"H-A","location":"CorrelationIdFilter.java:53","message":"headers.set threw: UnsupportedOperationException","data":{"exception":"null"},"timestamp":1780774018816}
{"sessionId":"5bf165","hypothesisId":"H-A","location":"CorrelationIdFilter.java:44","message":"then() callback fired","data":{"committed":true,"requestId":"817c128d-5e56-42c9-9d93-f083adef9de3"},"timestamp":1780774019686}
{"sessionId":"5bf165","hypothesisId":"H-A","location":"CorrelationIdFilter.java:53","message":"headers.set threw: UnsupportedOperationException","data":{"exception":"null"},"timestamp":1780774019687}
{"sessionId":"5bf165","hypothesisId":"H-A","location":"CorrelationIdFilter.java:44","message":"then() callback fired","data":{"committed":true,"requestId":"81439546-acaf-461e-b4c5-5262423a0811"},"timestamp":1780774019694}
{"sessionId":"5bf165","hypothesisId":"H-A","location":"CorrelationIdFilter.java:53","message":"headers.set threw: UnsupportedOperationException","data":{"exception":"null"},"timestamp":1780774019694}
{"sessionId":"5bf165","hypothesisId":"H-A","location":"CorrelationIdFilter.java:44","message":"then() callback fired","data":{"committed":true,"requestId":"e5574083-e46d-4491-a298-555150eb684f"},"timestamp":1780774020189}
{"sessionId":"5bf165","hypothesisId":"H-A","location":"CorrelationIdFilter.java:53","message":"headers.set threw: UnsupportedOperationException","data":{"exception":"null"},"timestamp":1780774020189}
{"sessionId":"5bf165","hypothesisId":"H-A","location":"CorrelationIdFilter.java:44","message":"then() callback fired","data":{"committed":true,"requestId":"93c9bc2f-d5b4-462b-932b-a169f658897f"},"timestamp":1780774020195}
{"sessionId":"5bf165","hypothesisId":"H-A","location":"CorrelationIdFilter.java:53","message":"headers.set threw: UnsupportedOperationException","data":{"exception":"null"},"timestamp":1780774020195}
{"sessionId":"5bf165","hypothesisId":"H-A","location":"CorrelationIdFilter.java:44","message":"then() callback fired","data":{"committed":true,"requestId":"b1faaef1-6872-4afa-abd2-135f0ad18aba"},"timestamp":1780774020785}
{"sessionId":"5bf165","hypothesisId":"H-A","location":"CorrelationIdFilter.java:53","message":"headers.set threw: UnsupportedOperationException","data":{"exception":"null"},"timestamp":1780774020785}
{"sessionId":"5bf165","hypothesisId":"H-A","location":"CorrelationIdFilter.java:44","message":"then() callback fired","data":{"committed":true,"requestId":"2e175c59-dbf2-4f3d-932b-66ee121e791f"},"timestamp":1780774020791}
{"sessionId":"5bf165","hypothesisId":"H-A","location":"CorrelationIdFilter.java:53","message":"headers.set threw: UnsupportedOperationException","data":{"exception":"null"},"timestamp":1780774020791}
{"sessionId":"5bf165","hypothesisId":"H-A","location":"CorrelationIdFilter.java:44","message":"then() callback fired","data":{"committed":true,"requestId":"68ba949e-0c66-4717-8142-2d729f6398b1"},"timestamp":1780774021279}
{"sessionId":"5bf165","hypothesisId":"H-A","location":"CorrelationIdFilter.java:53","message":"headers.set threw: UnsupportedOperationException","data":{"exception":"null"},"timestamp":1780774021279}
{"sessionId":"5bf165","hypothesisId":"H-A","location":"CorrelationIdFilter.java:44","message":"then() callback fired","data":{"committed":true,"requestId":"0e53c0a0-0aeb-44bc-bddf-52640c060df0"},"timestamp":1780774021284}
{"sessionId":"5bf165","hypothesisId":"H-A","location":"CorrelationIdFilter.java:53","message":"headers.set threw: UnsupportedOperationException","data":{"exception":"null"},"timestamp":1780774021284}
{"sessionId":"5bf165","hypothesisId":"H-A","location":"CorrelationIdFilter.java:44","message":"then() callback fired","data":{"committed":true,"requestId":"9b7f41de-bf99-4a9e-8ed3-a1cddd773cf1"},"timestamp":1780774021786}
{"sessionId":"5bf165","hypothesisId":"H-A","location":"CorrelationIdFilter.java:53","message":"headers.set threw: UnsupportedOperationException","data":{"exception":"null"},"timestamp":1780774021786}
{"sessionId":"5bf165","hypothesisId":"H-A","location":"CorrelationIdFilter.java:44","message":"then() callback fired","data":{"committed":true,"requestId":"915236cb-f46f-4c5a-ac8d-e1e4ace02242"},"timestamp":1780774021791}
{"sessionId":"5bf165","hypothesisId":"H-A","location":"CorrelationIdFilter.java:53","message":"headers.set threw: UnsupportedOperationException","data":{"exception":"null"},"timestamp":1780774021791}
{"sessionId":"5bf165","hypothesisId":"H-A","location":"CorrelationIdFilter.java:44","message":"then() callback fired","data":{"committed":true,"requestId":"e42edc3e-f6e7-4134-ad4e-bc60cb23e874"},"timestamp":1780774022273}
{"sessionId":"5bf165","hypothesisId":"H-A","location":"CorrelationIdFilter.java:53","message":"headers.set threw: UnsupportedOperationException","data":{"exception":"null"},"timestamp":1780774022274}
{"sessionId":"5bf165","hypothesisId":"H-A","location":"CorrelationIdFilter.java:44","message":"then() callback fired","data":{"committed":true,"requestId":"1fefe7a7-4bb1-4f2c-b78d-8ec3d8c35cb5"},"timestamp":1780774022279}
{"sessionId":"5bf165","hypothesisId":"H-A","location":"CorrelationIdFilter.java:53","message":"headers.set threw: UnsupportedOperationException","data":{"exception":"null"},"timestamp":1780774022279}
{"sessionId":"5bf165","hypothesisId":"H-A","location":"CorrelationIdFilter.java:44","message":"then() callback fired","data":{"committed":true,"requestId":"09808bb4-b6be-4807-bbbf-4f7899ad2d5f"},"timestamp":1780774022829}
{"sessionId":"5bf165","hypothesisId":"H-A","location":"CorrelationIdFilter.java:53","message":"headers.set threw: UnsupportedOperationException","data":{"exception":"null"},"timestamp":1780774022829}
{"sessionId":"5bf165","hypothesisId":"H-A","location":"CorrelationIdFilter.java:44","message":"then() callback fired","data":{"committed":true,"requestId":"219eaabf-8705-4dcd-a3c2-f56b5293ea08"},"timestamp":1780774022835}
{"sessionId":"5bf165","hypothesisId":"H-A","location":"CorrelationIdFilter.java:53","message":"headers.set threw: UnsupportedOperationException","data":{"exception":"null"},"timestamp":1780774022835}
{"sessionId":"5bf165","hypothesisId":"H-A","location":"CorrelationIdFilter.java:44","message":"then() callback fired","data":{"committed":true,"requestId":"f6251e85-35d9-4744-8442-4bd01db99a8c"},"timestamp":1780774061739}
{"sessionId":"5bf165","hypothesisId":"H-A","location":"CorrelationIdFilter.java:53","message":"headers.set threw: UnsupportedOperationException","data":{"exception":"null"},"timestamp":1780774061740}
{"sessionId":"5bf165","hypothesisId":"H-A","location":"CorrelationIdFilter.java:44","message":"then() callback fired","data":{"committed":true,"requestId":"7af68c5d-1458-42a6-9c68-6c36917453ee"},"timestamp":1780774061746}
{"sessionId":"5bf165","hypothesisId":"H-A","location":"CorrelationIdFilter.java:53","message":"headers.set threw: UnsupportedOperationException","data":{"exception":"null"},"timestamp":1780774061746}
{"sessionId":"5bf165","hypothesisId":"H-A","location":"CorrelationIdFilter.java:44","message":"then() callback fired","data":{"committed":true,"requestId":"c344c1eb-83f7-4800-8b54-67dde4a3396e"},"timestamp":1780774063237}
{"sessionId":"5bf165","hypothesisId":"H-A","location":"CorrelationIdFilter.java:53","message":"headers.set threw: UnsupportedOperationException","data":{"exception":"null"},"timestamp":1780774063238}
{"sessionId":"5bf165","hypothesisId":"H-A","location":"CorrelationIdFilter.java:44","message":"then() callback fired","data":{"committed":true,"requestId":"ce4484ee-1c3d-45d0-b680-7c24fc4142b2"},"timestamp":1780774063244}
{"sessionId":"5bf165","hypothesisId":"H-A","location":"CorrelationIdFilter.java:53","message":"headers.set threw: UnsupportedOperationException","data":{"exception":"null"},"timestamp":1780774063244}
{"sessionId":"5bf165","hypothesisId":"H-B","location":"GatewayErrorHandler.java:38","message":"handle() called","data":{"committed":false,"exception":"NoResourceFoundException"},"timestamp":1780774195207}
{"sessionId":"5bf165","hypothesisId":"H-B","location":"GatewayErrorHandler.java:38","message":"handle() called","data":{"committed":false,"exception":"NoResourceFoundException"},"timestamp":1780774195244}
{"sessionId":"5bf165","hypothesisId":"H-A","location":"CorrelationIdFilter.java:44","message":"then() callback fired","data":{"committed":true,"requestId":"71ca3414-65ee-4947-b96a-0c9ee770c4fa"},"timestamp":1780774341898}
{"sessionId":"5bf165","hypothesisId":"H-A","location":"CorrelationIdFilter.java:53","message":"headers.set threw: UnsupportedOperationException","data":{"exception":"null"},"timestamp":1780774341898}
{"sessionId":"5bf165","hypothesisId":"H-B","location":"GatewayErrorHandler.java:38","message":"handle() called","data":{"committed":false,"exception":"NoResourceFoundException"},"timestamp":1780774365188}
{"sessionId":"5bf165","hypothesisId":"H-B","location":"GatewayErrorHandler.java:38","message":"handle() called","data":{"committed":false,"exception":"NoResourceFoundException"},"timestamp":1780774365240}
{"sessionId":"5bf165","hypothesisId":"H-A","location":"CorrelationIdFilter.java:44","message":"then() callback fired","data":{"committed":true,"requestId":"7c482cad-ad0d-4bd0-95d6-6a6d289a1abf"},"timestamp":1780774383187}
{"sessionId":"5bf165","hypothesisId":"H-A","location":"CorrelationIdFilter.java:53","message":"headers.set threw: UnsupportedOperationException","data":{"exception":"null"},"timestamp":1780774383188}
{"sessionId":"5bf165","hypothesisId":"H-A","location":"CorrelationIdFilter.java:44","message":"then() callback fired","data":{"committed":true,"requestId":"7f679cac-3a89-4691-b9d2-c8c5cc8766e1"},"timestamp":1780774388705}
{"sessionId":"5bf165","hypothesisId":"H-A","location":"CorrelationIdFilter.java:53","message":"headers.set threw: UnsupportedOperationException","data":{"exception":"null"},"timestamp":1780774388705}
{"sessionId":"5bf165","hypothesisId":"H-A","location":"CorrelationIdFilter.java:44","message":"then() callback fired","data":{"committed":true,"requestId":"eeca3aa4-f483-465a-91bb-f15f1a4b38ee"},"timestamp":1780774731998}
{"sessionId":"5bf165","hypothesisId":"H-A","location":"CorrelationIdFilter.java:53","message":"headers.set threw: UnsupportedOperationException","data":{"exception":"null"},"timestamp":1780774731999}
{"sessionId":"5bf165","hypothesisId":"H-A","location":"CorrelationIdFilter.java:44","message":"then() callback fired","data":{"committed":true,"requestId":"90f61b52-b896-4c54-9f6e-09dbe7776e5f"},"timestamp":1780774732139}
{"sessionId":"5bf165","hypothesisId":"H-A","location":"CorrelationIdFilter.java:53","message":"headers.set threw: UnsupportedOperationException","data":{"exception":"null"},"timestamp":1780774732140}
{"sessionId":"5bf165","hypothesisId":"H-A","location":"CorrelationIdFilter.java:44","message":"then() callback fired","data":{"committed":true,"requestId":"2e59a6f6-7eba-4c53-83ae-3f719a8693ba"},"timestamp":1780774770950}
{"sessionId":"5bf165","hypothesisId":"H-A","location":"CorrelationIdFilter.java:53","message":"headers.set threw: UnsupportedOperationException","data":{"exception":"null"},"timestamp":1780774770951}
{"sessionId":"5bf165","hypothesisId":"H-A","location":"CorrelationIdFilter.java:44","message":"then() callback fired","data":{"committed":true,"requestId":"0da29dee-f899-4fc4-9b8a-0e6d5befd39c"},"timestamp":1780774770968}
{"sessionId":"5bf165","hypothesisId":"H-A","location":"CorrelationIdFilter.java:53","message":"headers.set threw: UnsupportedOperationException","data":{"exception":"null"},"timestamp":1780774770968}
{"sessionId":"5bf165","hypothesisId":"H-A","location":"CorrelationIdFilter.java:44","message":"then() callback fired","data":{"committed":true,"requestId":"1d0ec8a0-18dd-48f3-b1ba-4d15bfb76e3e"},"timestamp":1780774814500}
{"sessionId":"5bf165","hypothesisId":"H-A","location":"CorrelationIdFilter.java:53","message":"headers.set threw: UnsupportedOperationException","data":{"exception":"null"},"timestamp":1780774814501}
{"sessionId":"5bf165","hypothesisId":"H-A","location":"CorrelationIdFilter.java:44","message":"then() callback fired","data":{"committed":true,"requestId":"54837a00-dedc-46ad-a560-b0744fc14e76"},"timestamp":1780774820627}
{"sessionId":"5bf165","hypothesisId":"H-A","location":"CorrelationIdFilter.java:53","message":"headers.set threw: UnsupportedOperationException","data":{"exception":"null"},"timestamp":1780774820628}
{"sessionId":"5bf165","hypothesisId":"H-A","location":"CorrelationIdFilter.java:44","message":"then() callback fired","data":{"committed":true,"requestId":"28bdb6fb-a2be-4ec3-8fe0-517c8c51e956"},"timestamp":1780774885876}
{"sessionId":"5bf165","hypothesisId":"H-A","location":"CorrelationIdFilter.java:53","message":"headers.set threw: UnsupportedOperationException","data":{"exception":"null"},"timestamp":1780774885876}
{"sessionId":"5bf165","hypothesisId":"H-A","location":"CorrelationIdFilter.java:44","message":"then() callback fired","data":{"committed":true,"requestId":"ab4d067b-ea61-4162-aec2-e2015d864a06"},"timestamp":1780774885886}
{"sessionId":"5bf165","hypothesisId":"H-A","location":"CorrelationIdFilter.java:53","message":"headers.set threw: UnsupportedOperationException","data":{"exception":"null"},"timestamp":1780774885886}
{"sessionId":"5bf165","hypothesisId":"H-A","location":"CorrelationIdFilter.java:44","message":"then() callback fired","data":{"committed":true,"requestId":"7783aaa9-8c1e-4bf9-815c-96dcb087a262"},"timestamp":1780774888382}
{"sessionId":"5bf165","hypothesisId":"H-A","location":"CorrelationIdFilter.java:53","message":"headers.set threw: UnsupportedOperationException","data":{"exception":"null"},"timestamp":1780774888382}
{"sessionId":"5bf165","hypothesisId":"H-A","location":"CorrelationIdFilter.java:44","message":"then() callback fired","data":{"committed":true,"requestId":"f7c36dcd-4dce-4568-bc16-d8ec1117f7fd"},"timestamp":1780774888394}
{"sessionId":"5bf165","hypothesisId":"H-A","location":"CorrelationIdFilter.java:53","message":"headers.set threw: UnsupportedOperationException","data":{"exception":"null"},"timestamp":1780774888394}
{"sessionId":"5bf165","hypothesisId":"H-A","location":"CorrelationIdFilter.java:44","message":"then() callback fired","data":{"committed":true,"requestId":"dcb43c9e-9976-40c3-a889-c1bbc3dfcb6a"},"timestamp":1780774888796}
{"sessionId":"5bf165","hypothesisId":"H-A","location":"CorrelationIdFilter.java:53","message":"headers.set threw: UnsupportedOperationException","data":{"exception":"null"},"timestamp":1780774888796}
{"sessionId":"5bf165","hypothesisId":"H-A","location":"CorrelationIdFilter.java:44","message":"then() callback fired","data":{"committed":true,"requestId":"632067eb-d412-411a-b38c-2a9c09e12eb9"},"timestamp":1780774891573}
{"sessionId":"5bf165","hypothesisId":"H-A","location":"CorrelationIdFilter.java:53","message":"headers.set threw: UnsupportedOperationException","data":{"exception":"null"},"timestamp":1780774891573}
{"sessionId":"5bf165","hypothesisId":"H-A","location":"CorrelationIdFilter.java:44","message":"then() callback fired","data":{"committed":true,"requestId":"c31e17d9-f349-48cb-9384-6a4bb251de4f"},"timestamp":1780774891599}
{"sessionId":"5bf165","hypothesisId":"H-A","location":"CorrelationIdFilter.java:53","message":"headers.set threw: UnsupportedOperationException","data":{"exception":"null"},"timestamp":1780774891599}
{"sessionId":"5bf165","hypothesisId":"H-A","location":"CorrelationIdFilter.java:44","message":"then() callback fired","data":{"committed":true,"requestId":"d48d6403-f98d-4a55-a91f-a99f75d6d3c4"},"timestamp":1780774896150}
{"sessionId":"5bf165","hypothesisId":"H-A","location":"CorrelationIdFilter.java:53","message":"headers.set threw: UnsupportedOperationException","data":{"exception":"null"},"timestamp":1780774896151}
{"sessionId":"5bf165","hypothesisId":"H-A","location":"CorrelationIdFilter.java:44","message":"then() callback fired","data":{"committed":true,"requestId":"6f2057fd-e736-45a8-adfa-82e979a3a256"},"timestamp":1780774896162}
{"sessionId":"5bf165","hypothesisId":"H-A","location":"CorrelationIdFilter.java:53","message":"headers.set threw: UnsupportedOperationException","data":{"exception":"null"},"timestamp":1780774896162}
{"sessionId":"5bf165","hypothesisId":"H-A","location":"CorrelationIdFilter.java:44","message":"then() callback fired","data":{"committed":true,"requestId":"ed45ab29-506e-4147-ab35-2b7d483addbd"},"timestamp":1780774897538}
{"sessionId":"5bf165","hypothesisId":"H-A","location":"CorrelationIdFilter.java:44","message":"then() callback fired","data":{"committed":true,"requestId":"fa3810b2-081a-413e-b9fc-fbe8805d89ab"},"timestamp":1780774897538}
{"sessionId":"5bf165","hypothesisId":"H-A","location":"CorrelationIdFilter.java:53","message":"headers.set threw: UnsupportedOperationException","data":{"exception":"null"},"timestamp":1780774897539}
{"sessionId":"5bf165","hypothesisId":"H-A","location":"CorrelationIdFilter.java:53","message":"headers.set threw: UnsupportedOperationException","data":{"exception":"null"},"timestamp":1780774897539}
{"sessionId":"5bf165","hypothesisId":"H-A","location":"CorrelationIdFilter.java:44","message":"then() callback fired","data":{"committed":true,"requestId":"62c3de6d-2e9b-4827-a774-a2f39bf3e8e7"},"timestamp":1780774899621}
{"sessionId":"5bf165","hypothesisId":"H-A","location":"CorrelationIdFilter.java:53","message":"headers.set threw: UnsupportedOperationException","data":{"exception":"null"},"timestamp":1780774899621}
{"sessionId":"5bf165","hypothesisId":"H-A","location":"CorrelationIdFilter.java:44","message":"then() callback fired","data":{"committed":true,"requestId":"cb043235-9bf8-4b41-bf2f-45cc6f39d802"},"timestamp":1780774899622}
{"sessionId":"5bf165","hypothesisId":"H-A","location":"CorrelationIdFilter.java:44","message":"then() callback fired","data":{"committed":true,"requestId":"424ed6a8-960c-4f37-b9b4-609689bc4b64"},"timestamp":1780774899622}
{"sessionId":"5bf165","hypothesisId":"H-A","location":"CorrelationIdFilter.java:53","message":"headers.set threw: UnsupportedOperationException","data":{"exception":"null"},"timestamp":1780774899622}
{"sessionId":"5bf165","hypothesisId":"H-A","location":"CorrelationIdFilter.java:53","message":"headers.set threw: UnsupportedOperationException","data":{"exception":"null"},"timestamp":1780774899622}
{"sessionId":"5bf165","hypothesisId":"H-A","location":"CorrelationIdFilter.java:44","message":"then() callback fired","data":{"committed":true,"requestId":"b1410269-4bf7-45b7-88fc-754e17c5674d"},"timestamp":1780774899633}
{"sessionId":"5bf165","hypothesisId":"H-A","location":"CorrelationIdFilter.java:53","message":"headers.set threw: UnsupportedOperationException","data":{"exception":"null"},"timestamp":1780774899634}
{"sessionId":"5bf165","hypothesisId":"H-A","location":"CorrelationIdFilter.java:44","message":"then() callback fired","data":{"committed":true,"requestId":"21d9bc9d-b463-4fa6-b449-f6a6d349b7e2"},"timestamp":1780774902860}
{"sessionId":"5bf165","hypothesisId":"H-A","location":"CorrelationIdFilter.java:53","message":"headers.set threw: UnsupportedOperationException","data":{"exception":"null"},"timestamp":1780774902860}
{"sessionId":"5bf165","hypothesisId":"H-A","location":"CorrelationIdFilter.java:44","message":"then() callback fired","data":{"committed":true,"requestId":"2e13523b-0b93-4d23-9044-d057f0122dc8"},"timestamp":1780774902862}
{"sessionId":"5bf165","hypothesisId":"H-A","location":"CorrelationIdFilter.java:53","message":"headers.set threw: UnsupportedOperationException","data":{"exception":"null"},"timestamp":1780774902863}
{"sessionId":"5bf165","hypothesisId":"H-A","location":"CorrelationIdFilter.java:44","message":"then() callback fired","data":{"committed":true,"requestId":"82c66728-9c94-4bb5-b062-8eff4b4488b0"},"timestamp":1780774902874}
{"sessionId":"5bf165","hypothesisId":"H-A","location":"CorrelationIdFilter.java:53","message":"headers.set threw: UnsupportedOperationException","data":{"exception":"null"},"timestamp":1780774902874}
{"sessionId":"5bf165","hypothesisId":"H-A","location":"CorrelationIdFilter.java:44","message":"then() callback fired","data":{"committed":true,"requestId":"d8f47004-0731-4718-8540-df27aac98fdf"},"timestamp":1780774904385}
{"sessionId":"5bf165","hypothesisId":"H-A","location":"CorrelationIdFilter.java:53","message":"headers.set threw: UnsupportedOperationException","data":{"exception":"null"},"timestamp":1780774904385}
{"sessionId":"5bf165","hypothesisId":"H-A","location":"CorrelationIdFilter.java:44","message":"then() callback fired","data":{"committed":true,"requestId":"fb253232-1091-4787-8362-a16edf2e60ab"},"timestamp":1780774912294}
{"sessionId":"5bf165","hypothesisId":"H-A","location":"CorrelationIdFilter.java:44","message":"then() callback fired","data":{"committed":true,"requestId":"061ca507-6f3c-4386-a7af-18f9c3bc0335"},"timestamp":1780774912294}
{"sessionId":"5bf165","hypothesisId":"H-A","location":"CorrelationIdFilter.java:53","message":"headers.set threw: UnsupportedOperationException","data":{"exception":"null"},"timestamp":1780774912295}
{"sessionId":"5bf165","hypothesisId":"H-A","location":"CorrelationIdFilter.java:53","message":"headers.set threw: UnsupportedOperationException","data":{"exception":"null"},"timestamp":1780774912295}
{"sessionId":"5bf165","hypothesisId":"H-A","location":"CorrelationIdFilter.java:44","message":"then() callback fired","data":{"committed":true,"requestId":"602b52bf-7282-47ca-a11b-3dc57caa5594"},"timestamp":1780774915323}
{"sessionId":"5bf165","hypothesisId":"H-A","location":"CorrelationIdFilter.java:53","message":"headers.set threw: UnsupportedOperationException","data":{"exception":"null"},"timestamp":1780774915323}
{"sessionId":"5bf165","hypothesisId":"H-A","location":"CorrelationIdFilter.java:44","message":"then() callback fired","data":{"committed":true,"requestId":"4b15c65c-ca91-4c58-8673-bf59f9f7ae96"},"timestamp":1780774915334}
{"sessionId":"5bf165","hypothesisId":"H-A","location":"CorrelationIdFilter.java:53","message":"headers.set threw: UnsupportedOperationException","data":{"exception":"null"},"timestamp":1780774915334}
{"sessionId":"5bf165","hypothesisId":"H-A","location":"CorrelationIdFilter.java:44","message":"then() callback fired","data":{"committed":true,"requestId":"c24ad196-7da4-448e-b95c-19c047d83bf2"},"timestamp":1780774916488}
{"sessionId":"5bf165","hypothesisId":"H-A","location":"CorrelationIdFilter.java:53","message":"headers.set threw: UnsupportedOperationException","data":{"exception":"null"},"timestamp":1780774916488}
{"sessionId":"5bf165","hypothesisId":"H-A","location":"CorrelationIdFilter.java:44","message":"then() callback fired","data":{"committed":true,"requestId":"84205604-ad7f-41d7-8a38-a9d4991cbf03"},"timestamp":1780774941161}
{"sessionId":"5bf165","hypothesisId":"H-A","location":"CorrelationIdFilter.java:53","message":"headers.set threw: UnsupportedOperationException","data":{"exception":"null"},"timestamp":1780774941162}
{"sessionId":"5bf165","hypothesisId":"H-A","location":"CorrelationIdFilter.java:44","message":"then() callback fired","data":{"committed":true,"requestId":"4ecd3679-20de-4609-a210-7540c57bfa57"},"timestamp":1780774943475}
{"sessionId":"5bf165","hypothesisId":"H-A","location":"CorrelationIdFilter.java:53","message":"headers.set threw: UnsupportedOperationException","data":{"exception":"null"},"timestamp":1780774943475}
{"sessionId":"5bf165","hypothesisId":"H-A","location":"CorrelationIdFilter.java:44","message":"then() callback fired","data":{"committed":true,"requestId":"a61cbf36-6598-47d2-ab7c-a8d989f46caa"},"timestamp":1780774943484}
{"sessionId":"5bf165","hypothesisId":"H-A","location":"CorrelationIdFilter.java:53","message":"headers.set threw: UnsupportedOperationException","data":{"exception":"null"},"timestamp":1780774943485}
{"sessionId":"5bf165","hypothesisId":"H-A","location":"CorrelationIdFilter.java:44","message":"then() callback fired","data":{"committed":true,"requestId":"e15f276b-c0fd-4966-879a-0399c85c0148"},"timestamp":1780774943489}
{"sessionId":"5bf165","hypothesisId":"H-A","location":"CorrelationIdFilter.java:53","message":"headers.set threw: UnsupportedOperationException","data":{"exception":"null"},"timestamp":1780774943489}
{"sessionId":"5bf165","hypothesisId":"H-A","location":"CorrelationIdFilter.java:44","message":"then() callback fired","data":{"committed":true,"requestId":"22af4c62-cc06-486e-997b-a25bba225afe"},"timestamp":1780774949495}
{"sessionId":"5bf165","hypothesisId":"H-A","location":"CorrelationIdFilter.java:53","message":"headers.set threw: UnsupportedOperationException","data":{"exception":"null"},"timestamp":1780774949496}
{"sessionId":"5bf165","hypothesisId":"H-A","location":"CorrelationIdFilter.java:44","message":"then() callback fired","data":{"committed":true,"requestId":"01f097c1-12fe-4d97-94f5-27529041d1a8"},"timestamp":1780774952067}
{"sessionId":"5bf165","hypothesisId":"H-A","location":"CorrelationIdFilter.java:53","message":"headers.set threw: UnsupportedOperationException","data":{"exception":"null"},"timestamp":1780774952068}
{"sessionId":"5bf165","hypothesisId":"H-A","location":"CorrelationIdFilter.java:44","message":"then() callback fired","data":{"committed":true,"requestId":"a1d98606-8e5f-4f39-9c13-357787a2e067"},"timestamp":1780774952154}
{"sessionId":"5bf165","hypothesisId":"H-A","location":"CorrelationIdFilter.java:53","message":"headers.set threw: UnsupportedOperationException","data":{"exception":"null"},"timestamp":1780774952154}
{"sessionId":"5bf165","hypothesisId":"H-A","location":"CorrelationIdFilter.java:44","message":"then() callback fired","data":{"committed":true,"requestId":"f805f7d0-b1f5-4f64-8a67-72654399c848"},"timestamp":1780774952166}
{"sessionId":"5bf165","hypothesisId":"H-A","location":"CorrelationIdFilter.java:53","message":"headers.set threw: UnsupportedOperationException","data":{"exception":"null"},"timestamp":1780774952166}
{"sessionId":"5bf165","hypothesisId":"H-A","location":"CorrelationIdFilter.java:44","message":"then() callback fired","data":{"committed":true,"requestId":"6d3d49ce-0cc3-4cb5-878b-650b276b3a6d"},"timestamp":1780774957198}
{"sessionId":"5bf165","hypothesisId":"H-A","location":"CorrelationIdFilter.java:53","message":"headers.set threw: UnsupportedOperationException","data":{"exception":"null"},"timestamp":1780774957198}
{"sessionId":"5bf165","hypothesisId":"H-A","location":"CorrelationIdFilter.java:44","message":"then() callback fired","data":{"committed":true,"requestId":"676db537-09aa-4e53-a3ab-d4b20c66018a"},"timestamp":1780774959172}
{"sessionId":"5bf165","hypothesisId":"H-A","location":"CorrelationIdFilter.java:53","message":"headers.set threw: UnsupportedOperationException","data":{"exception":"null"},"timestamp":1780774959172}
{"sessionId":"5bf165","hypothesisId":"H-A","location":"CorrelationIdFilter.java:44","message":"then() callback fired","data":{"committed":true,"requestId":"2339b966-bcbe-4bae-ae02-72cf56f6715c"},"timestamp":1780774959175}
{"sessionId":"5bf165","hypothesisId":"H-A","location":"CorrelationIdFilter.java:53","message":"headers.set threw: UnsupportedOperationException","data":{"exception":"null"},"timestamp":1780774959176}
{"sessionId":"5bf165","hypothesisId":"H-A","location":"CorrelationIdFilter.java:44","message":"then() callback fired","data":{"committed":true,"requestId":"38ccbe6a-5f37-4ed8-aacc-af332abbf03a"},"timestamp":1780774959188}
{"sessionId":"5bf165","hypothesisId":"H-A","location":"CorrelationIdFilter.java:53","message":"headers.set threw: UnsupportedOperationException","data":{"exception":"null"},"timestamp":1780774959188}
{"sessionId":"5bf165","hypothesisId":"H-A","location":"CorrelationIdFilter.java:44","message":"then() callback fired","data":{"committed":true,"requestId":"dfb5a2b6-f6c0-44c8-9738-77c9016c5ca8"},"timestamp":1780774959192}
{"sessionId":"5bf165","hypothesisId":"H-A","location":"CorrelationIdFilter.java:53","message":"headers.set threw: UnsupportedOperationException","data":{"exception":"null"},"timestamp":1780774959193}
{"sessionId":"5bf165","hypothesisId":"H-A","location":"CorrelationIdFilter.java:44","message":"then() callback fired","data":{"committed":true,"requestId":"c3b7cc96-1599-456b-a8ab-2b03170754c0"},"timestamp":1780774959207}
{"sessionId":"5bf165","hypothesisId":"H-A","location":"CorrelationIdFilter.java:53","message":"headers.set threw: UnsupportedOperationException","data":{"exception":"null"},"timestamp":1780774959208}
{"sessionId":"5bf165","hypothesisId":"H-A","location":"CorrelationIdFilter.java:44","message":"then() callback fired","data":{"committed":true,"requestId":"98e16ea1-b373-427b-ba35-8f62629d159e"},"timestamp":1780774967047}
{"sessionId":"5bf165","hypothesisId":"H-A","location":"CorrelationIdFilter.java:53","message":"headers.set threw: UnsupportedOperationException","data":{"exception":"null"},"timestamp":1780774967048}
